id: map-key-modifier-case
snapshots:
  v = "<A-Z>":
    fixed: v = "<M-Z>"
    labels:
    - source: '"<A-Z>"'
      style: primary
      start: 4
      end: 11
  v = "<A-z>":
    fixed: v = "<M-z>"
    labels:
    - source: '"<A-z>"'
      style: primary
      start: 4
      end: 11
  v = "<a-Z>":
    fixed: v = "<M-Z>"
    labels:
    - source: '"<a-Z>"'
      style: primary
      start: 4
      end: 11
  v = "<a-z> ":
    fixed: v = "<M-z> "
    labels:
    - source: '"<a-z> "'
      style: primary
      start: 4
      end: 12
  v = "<a-z>":
    fixed: v = "<M-z>"
    labels:
    - source: '"<a-z>"'
      style: primary
      start: 4
      end: 11
  v = "<m-Z>":
    fixed: v = "<M-Z>"
    labels:
    - source: '"<m-Z>"'
      style: primary
      start: 4
      end: 11
  v = "<m-z>":
    fixed: v = "<M-z>"
    labels:
    - source: '"<m-z>"'
      style: primary
      start: 4
      end: 11
  v = '<A-Z>':
    fixed: v = '<M-Z>'
    labels:
    - source: '''<A-Z>'''
      style: primary
      start: 4
      end: 11
  v = '<a-z> ':
    fixed: v = '<M-z> '
    labels:
    - source: '''<a-z> '''
      style: primary
      start: 4
      end: 12
